# 본선 제출 전 실행 검증 로그 — 2026-09-24 11:32:29
# 환경: Python 3.10.12 / Linux aarch64 / cpu 4 / 새 가상환경

$ python3.10 -m venv .venv && source .venv/bin/activate
$ pip install -r requirements.txt
  ipykernel==6.29.5
  nbconvert==7.16.4
  numpy==1.26.4
  onnxruntime==1.23.2
  opencv-python==4.11.0.86
  opencv-python-headless==4.9.0.80
  pillow==10.4.0
  rapidocr-onnxruntime==1.3.24

$ bash download_weights.sh
[weights] 번들 모델 확인
[weights]   ch_PP-OCRv4_det_infer.onnx                 4.7 MB
[weights]   ch_PP-OCRv4_rec_infer.onnx                10.9 MB
[weights]   ch_ppocr_mobile_v2.0_cls_infer.onnx        0.6 MB
[weights] OK — 다운로드 불필요 (휠 내장)
[cv2] 최종 설치본이 headless 인지 확인
[cv2] GUI 빌드가 활성 → headless 로 재설치 시도
[cv2] headless 재설치 완료
[cv2] import OK 4.9.0

$ ITDA_INPUT_DIR=./sample ITDA_OUTPUT_PATH=/tmp/out.csv jupyter nbconvert --to notebook --execute predict.ipynb --ExecutePreprocessor.timeout=2400 --output /tmp/executed.ipynb
[NbConvertApp] Converting notebook predict.ipynb to notebook
[NbConvertApp] Writing 12520 bytes to /tmp/executed.ipynb

# 노트북 셀 출력:
  [env] python=3.10.12  cpu=4  workers=4
  [env] cv2 4.9.0 OK
  [env] rapidocr 번들 모델 3개 (오프라인 OK)
  [input] ./sample → 5장
  [env] runner 로드 완료
  [run] 5행 | 총 11.0s | 장당 2.19s | 예외 0건
  [run] 사다리 단계 분포: {0: 2, 1.5: 2, 4: 1}
  [save] /tmp/out.csv  (5행)
  [self-check]
    ✅ 헤더 == ['image_id', 'year', 'month', 'day', 'final_date']  (실제 ['image_id', 'year', 'month', 'day', 'final_date'])
    ✅ 행 수 5 == 입력 5
    ✅ 모든 행이 5개 컬럼
    ✅ 빈 파일 아님
    ✅ final_date 형식 YYYY-MM-DD (부분 NONE 포함) 또는 NONE
    ✅ 실행 시간 11s < 2400s
  [self-check] ALL PASS

$ cat /tmp/out.csv
image_id,year,month,day,final_date
000571,NONE,10,18,NONE-10-18
000868,NONE,NONE,NONE,NONE
000907,2022,01,NONE,2022-01-NONE
001033,2019,07,16,2019-07-16
002088,2021,09,03,2021-09-03
